﻿
> agroconnect@0.0.0 build
> vite build

[36mvite v8.0.3 [32mbuilding client environment for production...[36m[39m
[2K
transforming...Γ£ô 32 modules transformed.
rendering chunks...
computing gzip size...
dist/index.html                   0.81 kB Γöé gzip:  0.44 kB
dist/assets/index-MzLmVfyQ.css   29.00 kB Γöé gzip:  6.08 kB
dist/assets/index-BxjsGItc.js   238.99 kB Γöé gzip: 70.45 kB

node.exe : 
[31mΓ£ù[39m Build 
failed in 931ms
At line:1 char:1
+ & "C:\Program 
Files\nodejs/node.exe" 
"C:\Program 
Files\nodejs/node_mo 
...
+ ~~~~~~~~~~~~~~~~~~~~~
~~~~~~~~~~~~~~~~~~~~~~~
~~~~~~~~~~~~~~~~~~~~~~~
~~
    + CategoryInfo     
         : 
NotSpecified:     
([31mΓ£ù[39m Build   
  failed in 931ms:Str  
  ing) [], RemoteExcep 
   tion
    + 
FullyQualifiedErro    
rId : NativeCommandE   
 rror
 
[31merror during 
build:
[31mBuild failed with 
1 error:

Error: [vite]: 
Rolldown failed to 
resolve import 
"react-router-dom" 
from "C:/Users/parle/On
eDrive/Desktop/Farmer-M
arket-Place/src/App.jsx
".
This is most likely 
unintended because it 
can break your 
application at runtime.
If you do want to 
externalize this 
module explicitly add 
it to
`build.rollupOptions.ex
ternal`
    at viteLog (file://
/C:/Users/parle/OneDriv
e/Desktop/Farmer-Market
-Place/node_modules/vit
e/dist/node/chunks/node
.js:32942:57)
    at file:///C:/Users
/parle/OneDrive/Desktop
/Farmer-Market-Place/no
de_modules/vite/dist/no
de/chunks/node.js:32978
:71
    at onwarn (file:///
C:/Users/parle/OneDrive
/Desktop/Farmer-Market-
Place/node_modules/@vit
ejs/plugin-react/dist/i
ndex.js:40:7)
    at file:///C:/Users
/parle/OneDrive/Desktop
/Farmer-Market-Place/no
de_modules/vite/dist/no
de/chunks/node.js:32978
:28
    at onRollupLog (fil
e:///C:/Users/parle/One
Drive/Desktop/Farmer-Ma
rket-Place/node_modules
/vite/dist/node/chunks/
node.js:32973:63)
    at onLog (file:///C
:/Users/parle/OneDrive/
Desktop/Farmer-Market-P
lace/node_modules/vite/
dist/node/chunks/node.j
s:32743:4)
    at file:///C:/Users
/parle/OneDrive/Desktop
/Farmer-Market-Place/no
de_modules/rolldown/dis
t/shared/rolldown-build
-CPrIX9V6.mjs:49:26
    at logger (file:///
C:/Users/parle/OneDrive
/Desktop/Farmer-Market-
Place/node_modules/roll
down/dist/shared/rolldo
wn-build-CPrIX9V6.mjs:4
0:3)
    at onLog (file:///C
:/Users/parle/OneDrive/
Desktop/Farmer-Market-P
lace/node_modules/rolld
own/dist/shared/binding
ify-input-options-e7ze4
hPR.mjs:1972:32)[31m
    at aggregateBinding
ErrorsIntoJsError (file
:///C:/Users/parle/OneD
rive/Desktop/Farmer-Mar
ket-Place/node_modules/
rolldown/dist/shared/er
ror-BLhcSyeg.mjs:48:18)
    at 
unwrapBindingResult (fi
le:///C:/Users/parle/On
eDrive/Desktop/Farmer-M
arket-Place/node_module
s/rolldown/dist/shared/
error-BLhcSyeg.mjs:18:1
28)
    at #build (file:///
C:/Users/parle/OneDrive
/Desktop/Farmer-Market-
Place/node_modules/roll
down/dist/shared/rolldo
wn-build-CPrIX9V6.mjs:3
313:34)
    at async 
buildEnvironment (file:
///C:/Users/parle/OneDr
ive/Desktop/Farmer-Mark
et-Place/node_modules/v
ite/dist/node/chunks/no
de.js:32849:64)
    at async 
Object.build (file:///C
:/Users/parle/OneDrive/
Desktop/Farmer-Market-P
lace/node_modules/vite/
dist/node/chunks/node.j
s:33271:19)
    at async 
Object.buildApp (file:/
//C:/Users/parle/OneDri
ve/Desktop/Farmer-Marke
t-Place/node_modules/vi
te/dist/node/chunks/nod
e.js:33268:153)
    at async 
CAC.<anonymous> (file:/
//C:/Users/parle/OneDri
ve/Desktop/Farmer-Marke
t-Place/node_modules/vi
te/dist/node/cli.js:778
:3) {
  errors: 
[Getter/Setter]
}[39m
